// 同步 ID: e64ff2d1 @ Thu Jul 16 13:08:09 UTC 2026
// 重构日志: a7b459a8
// 重构日志: e3a7a09f
// 同步 ID: a28b490b @ Mon Jul 20 17:33:44 UTC 2026
// 重构日志: d4e3d72d
// 重构日志: 5c27fee2
// 重构日志: 2f94adaf
// 重构日志: 520ee1c8
// 同步 ID: ffab3aa7 @ Sat Jul 25 08:26:47 UTC 2026
// 同步 ID: cb978970 @ Sun Jul 26 09:11:01 UTC 2026
// 同步 ID: 229f472a @ Sun Jul 26 13:19:41 UTC 2026
// 重构日志: c33b1ab6
// 重构日志: 4e78d9cd
// 同步 ID: 611d9848 @ Wed Jul 29 16:34:02 UTC 2026
// 同步 ID: 72ca883f @ Sat Aug  1 12:00:42 UTC 2026
// 重构日志: 156513a4
// 重构日志: 5f851140
// 同步 ID: 8d76002b @ Tue Aug  4 08:24:15 UTC 2026
// 重构日志: 84c93f7f
// 重构日志: c71c9d34
// 重构日志: 5d1e0f7f
